mode: set
github.com/srvsurya/system-monitor/internal/api/handlers/alerts.go:16.51,17.30 1 0
github.com/srvsurya/system-monitor/internal/api/handlers/alerts.go:17.30,30.17 4 0
github.com/srvsurya/system-monitor/internal/api/handlers/alerts.go:30.17,34.4 3 0
github.com/srvsurya/system-monitor/internal/api/handlers/alerts.go:35.3,35.38 1 0
github.com/srvsurya/system-monitor/internal/api/handlers/alerts.go:40.51,41.30 1 0
github.com/srvsurya/system-monitor/internal/api/handlers/alerts.go:41.30,55.17 4 0
github.com/srvsurya/system-monitor/internal/api/handlers/alerts.go:55.17,59.4 3 0
github.com/srvsurya/system-monitor/internal/api/handlers/alerts.go:60.3,60.35 1 0
github.com/srvsurya/system-monitor/internal/api/handlers/alerts.go:65.69,66.30 1 0
github.com/srvsurya/system-monitor/internal/api/handlers/alerts.go:66.30,73.50 2 0
github.com/srvsurya/system-monitor/internal/api/handlers/alerts.go:73.50,77.4 3 0
github.com/srvsurya/system-monitor/internal/api/handlers/alerts.go:79.3,88.17 3 0
github.com/srvsurya/system-monitor/internal/api/handlers/alerts.go:88.17,92.4 3 0
github.com/srvsurya/system-monitor/internal/api/handlers/alerts.go:93.3,96.35 3 0
github.com/srvsurya/system-monitor/internal/api/handlers/alerts.go:101.69,102.30 1 0
github.com/srvsurya/system-monitor/internal/api/handlers/alerts.go:102.30,104.17 2 0
github.com/srvsurya/system-monitor/internal/api/handlers/alerts.go:104.17,108.4 3 0
github.com/srvsurya/system-monitor/internal/api/handlers/alerts.go:109.3,111.17 3 0
github.com/srvsurya/system-monitor/internal/api/handlers/alerts.go:111.17,115.4 3 0
github.com/srvsurya/system-monitor/internal/api/handlers/alerts.go:117.3,118.16 2 0
github.com/srvsurya/system-monitor/internal/api/handlers/alerts.go:118.16,122.4 3 0
github.com/srvsurya/system-monitor/internal/api/handlers/alerts.go:124.3,125.58 2 0
github.com/srvsurya/system-monitor/internal/api/handlers/alerts.go:130.44,131.30 1 0
github.com/srvsurya/system-monitor/internal/api/handlers/alerts.go:131.30,134.17 3 0
github.com/srvsurya/system-monitor/internal/api/handlers/alerts.go:134.17,138.4 3 0
github.com/srvsurya/system-monitor/internal/api/handlers/alerts.go:139.3,139.31 1 0
github.com/srvsurya/system-monitor/internal/api/handlers/auth.go:35.38,37.49 2 0
github.com/srvsurya/system-monitor/internal/api/handlers/auth.go:37.49,39.3 1 0
github.com/srvsurya/system-monitor/internal/api/handlers/auth.go:40.2,40.44 1 0
github.com/srvsurya/system-monitor/internal/api/handlers/auth.go:43.67,44.30 1 0
github.com/srvsurya/system-monitor/internal/api/handlers/auth.go:44.30,47.48 3 0
github.com/srvsurya/system-monitor/internal/api/handlers/auth.go:47.48,51.4 3 0
github.com/srvsurya/system-monitor/internal/api/handlers/auth.go:53.3,53.41 1 0
github.com/srvsurya/system-monitor/internal/api/handlers/auth.go:53.41,57.4 3 0
github.com/srvsurya/system-monitor/internal/api/handlers/auth.go:59.3,61.16 3 0
github.com/srvsurya/system-monitor/internal/api/handlers/auth.go:61.16,65.4 3 0
github.com/srvsurya/system-monitor/internal/api/handlers/auth.go:67.3,67.21 1 0
github.com/srvsurya/system-monitor/internal/api/handlers/auth.go:67.21,71.4 3 0
github.com/srvsurya/system-monitor/internal/api/handlers/auth.go:73.3,73.25 1 0
github.com/srvsurya/system-monitor/internal/api/handlers/auth.go:73.25,77.4 3 0
github.com/srvsurya/system-monitor/internal/api/handlers/auth.go:78.3,78.28 1 0
github.com/srvsurya/system-monitor/internal/api/handlers/auth.go:78.28,82.4 3 0
github.com/srvsurya/system-monitor/internal/api/handlers/auth.go:83.3,84.55 2 0
github.com/srvsurya/system-monitor/internal/api/handlers/auth.go:84.55,88.4 3 0
github.com/srvsurya/system-monitor/internal/api/handlers/auth.go:90.3,91.17 2 0
github.com/srvsurya/system-monitor/internal/api/handlers/auth.go:91.17,95.4 3 0
github.com/srvsurya/system-monitor/internal/api/handlers/auth.go:98.3,103.17 2 0
github.com/srvsurya/system-monitor/internal/api/handlers/auth.go:103.17,107.4 3 0
github.com/srvsurya/system-monitor/internal/api/handlers/auth.go:108.3,117.17 5 0
github.com/srvsurya/system-monitor/internal/api/handlers/auth.go:117.17,121.4 3 0
github.com/srvsurya/system-monitor/internal/api/handlers/auth.go:123.3,130.48 3 0
github.com/srvsurya/system-monitor/internal/api/handlers/auth.go:141.59,142.30 1 0
github.com/srvsurya/system-monitor/internal/api/handlers/auth.go:142.30,144.48 2 0
github.com/srvsurya/system-monitor/internal/api/handlers/auth.go:144.48,148.4 3 0
github.com/srvsurya/system-monitor/internal/api/handlers/auth.go:150.3,150.44 1 0
github.com/srvsurya/system-monitor/internal/api/handlers/auth.go:150.44,154.4 3 0
github.com/srvsurya/system-monitor/internal/api/handlers/auth.go:157.3,159.17 3 0
github.com/srvsurya/system-monitor/internal/api/handlers/auth.go:159.17,164.4 3 0
github.com/srvsurya/system-monitor/internal/api/handlers/auth.go:167.3,168.17 2 0
github.com/srvsurya/system-monitor/internal/api/handlers/auth.go:168.17,172.4 3 0
github.com/srvsurya/system-monitor/internal/api/handlers/auth.go:173.3,173.21 1 0
github.com/srvsurya/system-monitor/internal/api/handlers/auth.go:173.21,177.4 3 0
github.com/srvsurya/system-monitor/internal/api/handlers/auth.go:180.3,188.17 5 0
github.com/srvsurya/system-monitor/internal/api/handlers/auth.go:188.17,192.4 3 0
github.com/srvsurya/system-monitor/internal/api/handlers/auth.go:195.3,200.17 2 0
github.com/srvsurya/system-monitor/internal/api/handlers/auth.go:200.17,204.4 3 0
github.com/srvsurya/system-monitor/internal/api/handlers/auth.go:207.3,212.5 2 0
github.com/srvsurya/system-monitor/internal/api/handlers/auth.go:218.42,219.30 1 0
github.com/srvsurya/system-monitor/internal/api/handlers/auth.go:219.30,224.17 3 0
github.com/srvsurya/system-monitor/internal/api/handlers/auth.go:224.17,228.4 3 0
github.com/srvsurya/system-monitor/internal/api/handlers/auth.go:230.3,230.56 1 0
github.com/srvsurya/system-monitor/internal/api/handlers/auth.go:235.47,236.30 1 0
github.com/srvsurya/system-monitor/internal/api/handlers/auth.go:236.30,238.18 2 0
github.com/srvsurya/system-monitor/internal/api/handlers/auth.go:238.18,242.4 3 0
github.com/srvsurya/system-monitor/internal/api/handlers/auth.go:244.3,251.17 4 0
github.com/srvsurya/system-monitor/internal/api/handlers/auth.go:251.17,255.4 3 0
github.com/srvsurya/system-monitor/internal/api/handlers/auth.go:256.3,256.34 1 0
github.com/srvsurya/system-monitor/internal/api/handlers/auth.go:256.34,260.4 3 0
github.com/srvsurya/system-monitor/internal/api/handlers/auth.go:262.3,265.73 3 0
github.com/srvsurya/system-monitor/internal/api/handlers/auth.go:271.38,272.30 1 0
github.com/srvsurya/system-monitor/internal/api/handlers/auth.go:272.30,277.17 4 0
github.com/srvsurya/system-monitor/internal/api/handlers/auth.go:277.17,281.4 3 0
github.com/srvsurya/system-monitor/internal/api/handlers/auth.go:283.3,283.30 1 0
github.com/srvsurya/system-monitor/internal/api/handlers/cleaner.go:12.64,13.32 1 0
github.com/srvsurya/system-monitor/internal/api/handlers/cleaner.go:13.32,17.3 3 0
github.com/srvsurya/system-monitor/internal/api/handlers/cleaner.go:20.51,21.32 1 0
github.com/srvsurya/system-monitor/internal/api/handlers/cleaner.go:21.32,25.51 2 0
github.com/srvsurya/system-monitor/internal/api/handlers/cleaner.go:25.51,28.4 2 0
github.com/srvsurya/system-monitor/internal/api/handlers/cleaner.go:29.3,33.17 2 0
github.com/srvsurya/system-monitor/internal/api/handlers/cleaner.go:33.17,36.4 2 0
github.com/srvsurya/system-monitor/internal/api/handlers/cleaner.go:37.3,37.68 1 0
github.com/srvsurya/system-monitor/internal/api/handlers/cleaner.go:41.49,42.32 1 0
github.com/srvsurya/system-monitor/internal/api/handlers/cleaner.go:42.32,48.17 3 0
github.com/srvsurya/system-monitor/internal/api/handlers/cleaner.go:48.17,51.4 2 0
github.com/srvsurya/system-monitor/internal/api/handlers/cleaner.go:52.3,52.32 1 0
github.com/srvsurya/system-monitor/internal/api/handlers/cleaner.go:56.56,57.32 1 0
github.com/srvsurya/system-monitor/internal/api/handlers/cleaner.go:57.32,61.3 3 0
github.com/srvsurya/system-monitor/internal/api/handlers/cleaner.go:64.54,65.32 1 0
github.com/srvsurya/system-monitor/internal/api/handlers/cleaner.go:65.32,68.17 3 0
github.com/srvsurya/system-monitor/internal/api/handlers/cleaner.go:68.17,71.4 2 0
github.com/srvsurya/system-monitor/internal/api/handlers/cleaner.go:72.3,72.29 1 0
github.com/srvsurya/system-monitor/internal/api/handlers/cleaner.go:76.57,77.32 1 0
github.com/srvsurya/system-monitor/internal/api/handlers/cleaner.go:77.32,83.51 2 0
github.com/srvsurya/system-monitor/internal/api/handlers/cleaner.go:83.51,86.4 2 0
github.com/srvsurya/system-monitor/internal/api/handlers/cleaner.go:87.3,96.17 2 0
github.com/srvsurya/system-monitor/internal/api/handlers/cleaner.go:96.17,99.4 2 0
github.com/srvsurya/system-monitor/internal/api/handlers/cleaner.go:100.3,100.72 1 0
github.com/srvsurya/system-monitor/internal/api/handlers/cleaner.go:104.51,105.32 1 0
github.com/srvsurya/system-monitor/internal/api/handlers/cleaner.go:105.32,109.51 2 0
github.com/srvsurya/system-monitor/internal/api/handlers/cleaner.go:109.51,112.4 2 0
github.com/srvsurya/system-monitor/internal/api/handlers/cleaner.go:113.3,114.19 2 0
github.com/srvsurya/system-monitor/internal/api/handlers/cleaner.go:114.19,116.4 1 0
github.com/srvsurya/system-monitor/internal/api/handlers/cleaner.go:117.3,118.17 2 0
github.com/srvsurya/system-monitor/internal/api/handlers/cleaner.go:118.17,121.4 2 0
github.com/srvsurya/system-monitor/internal/api/handlers/cleaner.go:122.3,122.69 1 0
github.com/srvsurya/system-monitor/internal/api/handlers/metric.go:16.56,17.30 1 1
github.com/srvsurya/system-monitor/internal/api/handlers/metric.go:17.30,21.17 2 1
github.com/srvsurya/system-monitor/internal/api/handlers/metric.go:21.17,24.4 2 1
github.com/srvsurya/system-monitor/internal/api/handlers/metric.go:26.3,26.22 1 1
github.com/srvsurya/system-monitor/internal/api/handlers/metric.go:31.51,32.30 1 0
github.com/srvsurya/system-monitor/internal/api/handlers/metric.go:32.30,39.31 5 0
github.com/srvsurya/system-monitor/internal/api/handlers/metric.go:39.31,41.4 1 0
github.com/srvsurya/system-monitor/internal/api/handlers/metric.go:43.3,43.19 1 0
github.com/srvsurya/system-monitor/internal/api/handlers/metric.go:43.19,45.4 1 0
github.com/srvsurya/system-monitor/internal/api/handlers/metric.go:47.3,49.35 2 0
github.com/srvsurya/system-monitor/internal/api/handlers/metric.go:49.35,51.18 2 0
github.com/srvsurya/system-monitor/internal/api/handlers/metric.go:51.18,53.19 2 0
github.com/srvsurya/system-monitor/internal/api/handlers/metric.go:53.19,57.6 3 0
github.com/srvsurya/system-monitor/internal/api/handlers/metric.go:59.4,60.18 2 0
github.com/srvsurya/system-monitor/internal/api/handlers/metric.go:60.18,62.19 2 0
github.com/srvsurya/system-monitor/internal/api/handlers/metric.go:62.19,66.6 3 0
github.com/srvsurya/system-monitor/internal/api/handlers/metric.go:68.4,76.29 3 0
github.com/srvsurya/system-monitor/internal/api/handlers/metric.go:77.9,83.4 1 0
github.com/srvsurya/system-monitor/internal/api/handlers/metric.go:85.3,85.17 1 0
github.com/srvsurya/system-monitor/internal/api/handlers/metric.go:85.17,89.4 3 0
github.com/srvsurya/system-monitor/internal/api/handlers/metric.go:91.3,91.33 1 0
github.com/srvsurya/system-monitor/internal/api/handlers/processes.go:25.49,26.30 1 0
github.com/srvsurya/system-monitor/internal/api/handlers/processes.go:26.30,28.17 2 0
github.com/srvsurya/system-monitor/internal/api/handlers/processes.go:28.17,32.4 3 0
github.com/srvsurya/system-monitor/internal/api/handlers/processes.go:33.3,41.26 3 0
github.com/srvsurya/system-monitor/internal/api/handlers/processes.go:41.26,43.18 2 0
github.com/srvsurya/system-monitor/internal/api/handlers/processes.go:43.18,44.13 1 0
github.com/srvsurya/system-monitor/internal/api/handlers/processes.go:46.4,47.18 2 0
github.com/srvsurya/system-monitor/internal/api/handlers/processes.go:47.18,48.13 1 0
github.com/srvsurya/system-monitor/internal/api/handlers/processes.go:50.4,51.18 2 0
github.com/srvsurya/system-monitor/internal/api/handlers/processes.go:51.18,52.13 1 0
github.com/srvsurya/system-monitor/internal/api/handlers/processes.go:54.4,59.6 1 0
github.com/srvsurya/system-monitor/internal/api/handlers/processes.go:61.3,61.30 1 0
github.com/srvsurya/system-monitor/internal/api/handlers/processes.go:66.47,67.30 1 0
github.com/srvsurya/system-monitor/internal/api/handlers/processes.go:67.30,70.17 3 0
github.com/srvsurya/system-monitor/internal/api/handlers/processes.go:70.17,74.4 3 0
github.com/srvsurya/system-monitor/internal/api/handlers/processes.go:75.3,77.17 3 0
github.com/srvsurya/system-monitor/internal/api/handlers/processes.go:77.17,81.4 3 0
github.com/srvsurya/system-monitor/internal/api/handlers/processes.go:82.3,84.17 3 0
github.com/srvsurya/system-monitor/internal/api/handlers/processes.go:84.17,88.4 3 0
github.com/srvsurya/system-monitor/internal/api/handlers/processes.go:89.3,89.40 1 0
github.com/srvsurya/system-monitor/internal/api/handlers/processes.go:89.40,93.4 3 0
github.com/srvsurya/system-monitor/internal/api/handlers/processes.go:94.3,100.17 6 0
github.com/srvsurya/system-monitor/internal/api/handlers/processes.go:100.17,102.4 1 0
github.com/srvsurya/system-monitor/internal/api/handlers/processes.go:104.3,104.14 1 0
github.com/srvsurya/system-monitor/internal/api/handlers/processes.go:104.14,106.4 1 0
github.com/srvsurya/system-monitor/internal/api/handlers/processes.go:110.50,111.30 1 0
github.com/srvsurya/system-monitor/internal/api/handlers/processes.go:111.30,113.17 2 0
github.com/srvsurya/system-monitor/internal/api/handlers/processes.go:113.17,117.4 3 0
github.com/srvsurya/system-monitor/internal/api/handlers/processes.go:120.3,122.17 3 0
github.com/srvsurya/system-monitor/internal/api/handlers/processes.go:122.17,126.4 3 0
github.com/srvsurya/system-monitor/internal/api/handlers/processes.go:129.3,130.17 2 0
github.com/srvsurya/system-monitor/internal/api/handlers/processes.go:130.17,132.4 1 0
github.com/srvsurya/system-monitor/internal/api/handlers/processes.go:136.3,136.55 1 0
github.com/srvsurya/system-monitor/internal/api/handlers/processes.go:136.55,139.4 2 0
github.com/srvsurya/system-monitor/internal/api/handlers/processes.go:140.3,141.22 2 0
github.com/srvsurya/system-monitor/internal/api/handlers/processes.go:141.22,144.4 2 0
github.com/srvsurya/system-monitor/internal/api/handlers/processes.go:145.3,146.37 2 0
github.com/srvsurya/system-monitor/internal/api/handlers/processes.go:146.37,150.4 3 0
github.com/srvsurya/system-monitor/internal/api/handlers/processes.go:152.3,168.5 4 0
github.com/srvsurya/system-monitor/internal/api/handlers/processes.go:173.49,174.30 1 0
github.com/srvsurya/system-monitor/internal/api/handlers/processes.go:174.30,176.37 2 0
github.com/srvsurya/system-monitor/internal/api/handlers/processes.go:176.37,180.4 3 0
github.com/srvsurya/system-monitor/internal/api/handlers/processes.go:182.3,190.17 4 0
github.com/srvsurya/system-monitor/internal/api/handlers/processes.go:190.17,194.4 3 0
github.com/srvsurya/system-monitor/internal/api/handlers/processes.go:195.3,198.38 3 0
github.com/srvsurya/system-monitor/internal/api/handlers/processes.go:201.51,202.30 1 0
github.com/srvsurya/system-monitor/internal/api/handlers/processes.go:202.30,205.17 2 0
github.com/srvsurya/system-monitor/internal/api/handlers/processes.go:205.17,209.4 3 0
github.com/srvsurya/system-monitor/internal/api/handlers/processes.go:210.3,211.17 2 0
github.com/srvsurya/system-monitor/internal/api/handlers/processes.go:211.17,215.4 3 0
github.com/srvsurya/system-monitor/internal/api/handlers/processes.go:216.3,217.17 2 0
github.com/srvsurya/system-monitor/internal/api/handlers/processes.go:217.17,221.4 3 0
github.com/srvsurya/system-monitor/internal/api/handlers/processes.go:222.3,223.17 2 0
github.com/srvsurya/system-monitor/internal/api/handlers/processes.go:223.17,227.4 3 0
github.com/srvsurya/system-monitor/internal/api/handlers/processes.go:228.3,239.17 4 0
github.com/srvsurya/system-monitor/internal/api/handlers/processes.go:239.17,245.4 4 0
github.com/srvsurya/system-monitor/internal/api/handlers/processes.go:245.9,245.34 1 0
github.com/srvsurya/system-monitor/internal/api/handlers/processes.go:245.34,249.4 3 0
github.com/srvsurya/system-monitor/internal/api/handlers/processes.go:251.3,252.17 2 0
github.com/srvsurya/system-monitor/internal/api/handlers/processes.go:252.17,256.4 3 0
github.com/srvsurya/system-monitor/internal/api/handlers/processes.go:256.9,256.34 1 0
github.com/srvsurya/system-monitor/internal/api/handlers/processes.go:256.34,260.4 3 0
github.com/srvsurya/system-monitor/internal/api/handlers/processes.go:262.3,263.17 2 0
github.com/srvsurya/system-monitor/internal/api/handlers/processes.go:263.17,267.4 3 0
github.com/srvsurya/system-monitor/internal/api/handlers/processes.go:268.3,270.32 3 0
github.com/srvsurya/system-monitor/internal/api/handlers/processes.go:274.55,275.30 1 0
github.com/srvsurya/system-monitor/internal/api/handlers/processes.go:275.30,285.17 5 0
github.com/srvsurya/system-monitor/internal/api/handlers/processes.go:285.17,289.4 3 0
github.com/srvsurya/system-monitor/internal/api/handlers/processes.go:290.3,290.31 1 0
github.com/srvsurya/system-monitor/internal/api/handlers/processes.go:290.31,294.29 3 0
github.com/srvsurya/system-monitor/internal/api/handlers/processes.go:294.29,296.19 2 0
github.com/srvsurya/system-monitor/internal/api/handlers/processes.go:296.19,299.6 2 0
github.com/srvsurya/system-monitor/internal/api/handlers/processes.go:300.5,301.34 2 0
github.com/srvsurya/system-monitor/internal/api/handlers/processes.go:304.4,308.6 1 0
github.com/srvsurya/system-monitor/internal/api/handlers/processes.go:310.3,310.30 1 0
github.com/srvsurya/system-monitor/internal/api/handlers/processes.go:314.54,315.30 1 0
github.com/srvsurya/system-monitor/internal/api/handlers/processes.go:315.30,319.17 4 0
github.com/srvsurya/system-monitor/internal/api/handlers/processes.go:319.17,323.4 3 0
github.com/srvsurya/system-monitor/internal/api/handlers/processes.go:324.3,326.45 3 0
github.com/srvsurya/system-monitor/internal/api/handlers/processes.go:326.45,328.4 1 0
github.com/srvsurya/system-monitor/internal/api/handlers/processes.go:330.3,330.85 1 0
github.com/srvsurya/system-monitor/internal/api/handlers/processes.go:334.53,335.30 1 0
github.com/srvsurya/system-monitor/internal/api/handlers/processes.go:335.30,337.17 2 0
github.com/srvsurya/system-monitor/internal/api/handlers/processes.go:337.17,341.4 3 0
github.com/srvsurya/system-monitor/internal/api/handlers/processes.go:342.3,343.66 2 0
github.com/srvsurya/system-monitor/internal/api/handlers/processes.go:346.53,347.30 1 0
github.com/srvsurya/system-monitor/internal/api/handlers/processes.go:347.30,350.17 3 0
github.com/srvsurya/system-monitor/internal/api/handlers/processes.go:350.17,354.4 3 0
github.com/srvsurya/system-monitor/internal/api/handlers/processes.go:355.3,355.39 1 0
github.com/srvsurya/system-monitor/internal/api/handlers/settings.go:11.51,12.30 1 0
github.com/srvsurya/system-monitor/internal/api/handlers/settings.go:12.30,18.17 5 0
github.com/srvsurya/system-monitor/internal/api/handlers/settings.go:18.17,22.4 3 0
github.com/srvsurya/system-monitor/internal/api/handlers/settings.go:24.3,25.17 2 0
github.com/srvsurya/system-monitor/internal/api/handlers/settings.go:25.17,29.4 3 0
github.com/srvsurya/system-monitor/internal/api/handlers/settings.go:31.3,31.87 1 0
github.com/srvsurya/system-monitor/internal/api/handlers/settings.go:35.54,36.30 1 0
github.com/srvsurya/system-monitor/internal/api/handlers/settings.go:36.30,44.49 4 0
github.com/srvsurya/system-monitor/internal/api/handlers/settings.go:44.49,48.4 3 0
github.com/srvsurya/system-monitor/internal/api/handlers/settings.go:50.3,51.17 2 0
github.com/srvsurya/system-monitor/internal/api/handlers/settings.go:51.17,55.4 3 0
github.com/srvsurya/system-monitor/internal/api/handlers/settings.go:56.3,57.17 2 0
github.com/srvsurya/system-monitor/internal/api/handlers/settings.go:57.17,61.4 3 0
github.com/srvsurya/system-monitor/internal/api/handlers/settings.go:63.3,63.97 1 0
github.com/srvsurya/system-monitor/internal/api/handlers/stats_store.go:16.71,25.2 3 0
github.com/srvsurya/system-monitor/internal/api/handlers/ws.go:20.42,22.3 1 0
github.com/srvsurya/system-monitor/internal/api/handlers/ws.go:31.31,34.27 2 0
github.com/srvsurya/system-monitor/internal/api/handlers/ws.go:34.27,35.74 1 0
github.com/srvsurya/system-monitor/internal/api/handlers/ws.go:35.74,38.4 2 0
github.com/srvsurya/system-monitor/internal/api/handlers/ws.go:49.20,56.2 1 0
github.com/srvsurya/system-monitor/internal/api/handlers/ws.go:59.21,60.6 1 0
github.com/srvsurya/system-monitor/internal/api/handlers/ws.go:60.6,61.10 1 0
github.com/srvsurya/system-monitor/internal/api/handlers/ws.go:63.31,65.69 2 0
github.com/srvsurya/system-monitor/internal/api/handlers/ws.go:67.33,68.38 1 0
github.com/srvsurya/system-monitor/internal/api/handlers/ws.go:68.38,72.5 3 0
github.com/srvsurya/system-monitor/internal/api/handlers/ws.go:74.29,76.34 1 0
github.com/srvsurya/system-monitor/internal/api/handlers/ws.go:76.34,77.12 1 0
github.com/srvsurya/system-monitor/internal/api/handlers/ws.go:78.29,78.29 0 0
github.com/srvsurya/system-monitor/internal/api/handlers/ws.go:79.13,82.24 2 0
github.com/srvsurya/system-monitor/internal/api/handlers/ws.go:91.46,95.21 3 0
github.com/srvsurya/system-monitor/internal/api/handlers/ws.go:95.21,103.17 3 0
github.com/srvsurya/system-monitor/internal/api/handlers/ws.go:103.17,105.12 2 0
github.com/srvsurya/system-monitor/internal/api/handlers/ws.go:108.3,109.17 2 0
github.com/srvsurya/system-monitor/internal/api/handlers/ws.go:109.17,111.12 2 0
github.com/srvsurya/system-monitor/internal/api/handlers/ws.go:114.3,114.22 1 0
github.com/srvsurya/system-monitor/internal/api/handlers/ws.go:119.40,120.30 1 0
github.com/srvsurya/system-monitor/internal/api/handlers/ws.go:120.30,122.17 2 0
github.com/srvsurya/system-monitor/internal/api/handlers/ws.go:122.17,125.4 2 0
github.com/srvsurya/system-monitor/internal/api/handlers/ws.go:127.3,138.13 4 0
github.com/srvsurya/system-monitor/internal/api/handlers/ws.go:138.13,139.17 1 0
github.com/srvsurya/system-monitor/internal/api/handlers/ws.go:139.17,141.5 1 0
github.com/srvsurya/system-monitor/internal/api/handlers/ws.go:142.4,142.8 1 0
github.com/srvsurya/system-monitor/internal/api/handlers/ws.go:142.8,144.19 2 0
github.com/srvsurya/system-monitor/internal/api/handlers/ws.go:144.19,146.6 1 0
